<html>
<body>
<pre>
<h1>µVision Build Log</h1>
<h2>Tool Versions:</h2>
IDE-Version: µVision V5.39.0.0
Copyright (C) 2023 ARM Ltd and ARM Germany GmbH. All rights reserved.
License Information: Kurt Donnerwetter, freelancer, LIC=50D7S-LUZZR-BX4UY-IWJ2K-HGE9I-C075C
 
Tool Versions:
Toolchain:       MDK-ARM Professional  Version: 5.39.0.0
Toolchain Path:  C:\Keil_v535\ARM\ARMCC\Bin
C Compiler:      Armcc.exe V5.06 update 7 (build 960)
Assembler:       Armasm.exe V5.06 update 7 (build 960)
Linker/Locator:  ArmLink.exe V5.06 update 7 (build 960)
Library Manager: ArmAr.exe V5.06 update 7 (build 960)
Hex Converter:   FromElf.exe V5.06 update 7 (build 960)
CPU DLL:         SARMCM3.DLL V5.39.0.0
Dialog DLL:      DCM.DLL V1.17.5.0
Target DLL:      STLink\ST-LINKIII-KEIL_SWO.dll V3.2.0.0
Dialog DLL:      TCM.DLL V1.56.4.0
 
<h2>Project:</h2>
D:\emu\CC1125\MDK-ARM\CC1125_2_LoRa.uvprojx
Project File Date:  04/09/2024

<h2>Output:</h2>
*** Using Compiler 'V5.06 update 7 (build 960)', folder: 'C:\Keil_v535\ARM\ARMCC\Bin'
Rebuild target 'CC1125_2_LoRa'
assembling startup_stm32l476xx.s...
compiling stm32l4xx_hal_msp.c...
../Src/stm32l4xx_hal_msp.c(116): warning:  #940-D: missing return statement at end of non-void function "MSP_GetIRQn" 
  }
../Src/stm32l4xx_hal_msp.c: 1 warning, 0 errors
compiling stm32l4xx_hal_tim.c...
compiling stm32l4xx_hal_spi_ex.c...
compiling stm32l4xx_it.c...
compiling stm32l4xx_hal_spi.c...
compiling main.c...
compiling stm32l4xx_hal_tim_ex.c...
compiling stm32l4xx_hal.c...
compiling stm32l4xx_hal_i2c_ex.c...
compiling stm32l4xx_hal_uart_ex.c...
compiling stm32l4xx_hal_uart.c...
compiling stm32l4xx_hal_i2c.c...
compiling stm32l4xx_hal_rcc.c...
compiling stm32l4xx_hal_flash_ex.c...
compiling stm32l4xx_hal_gpio.c...
compiling stm32l4xx_hal_flash_ramfunc.c...
compiling stm32l4xx_hal_flash.c...
compiling stm32l4xx_hal_rcc_ex.c...
compiling stm32l4xx_hal_dma.c...
compiling stm32l4xx_hal_dma_ex.c...
compiling stm32l4xx_hal_exti.c...
compiling stm32l4xx_hal_pwr.c...
compiling stm32l4xx_hal_cortex.c...
compiling stm32l4xx_hal_pwr_ex.c...
compiling stm32l4xx_hal_adc.c...
compiling stm32l4xx_hal_adc_ex.c...
compiling stm32l4xx_hal_rtc.c...
compiling stm32l4xx_hal_rtc_ex.c...
compiling stm32l4xx_ll_adc.c...
compiling stm32l4xx_ll_comp.c...
compiling stm32l4xx_ll_crc.c...
compiling stm32l4xx_ll_dma2d.c...
compiling stm32l4xx_ll_dac.c...
compiling stm32l4xx_ll_dma.c...
compiling stm32l4xx_ll_crs.c...
compiling stm32l4xx_ll_fmc.c...
compiling stm32l4xx_ll_exti.c...
compiling stm32l4xx_ll_i2c.c...
compiling stm32l4xx_ll_gpio.c...
compiling stm32l4xx_ll_opamp.c...
compiling stm32l4xx_ll_lpuart.c...
compiling stm32l4xx_ll_pka.c...
compiling stm32l4xx_ll_lptim.c...
compiling stm32l4xx_ll_pwr.c...
compiling stm32l4xx_ll_rng.c...
compiling stm32l4xx_ll_rcc.c...
compiling stm32l4xx_ll_sdmmc.c...
compiling stm32l4xx_ll_spi.c...
compiling stm32l4xx_ll_rtc.c...
compiling stm32l4xx_ll_swpmi.c...
compiling stm32l4xx_ll_usb.c...
compiling stm32l4xx_ll_tim.c...
compiling system_stm32l4xx.c...
compiling stm32l4xx_ll_utils.c...
compiling stm32l4xx_ll_usart.c...
compiling CC1125.c...
..\BSP\CC1125\CC1125.c(60): warning:  #550-D: variable "value"  was set but never used
  	uint16_t value;
..\BSP\CC1125\CC1125.c(154): warning:  #550-D: variable "value"  was set but never used
  	uint16_t value;
..\BSP\CC1125\CC1125.c: 2 warnings, 0 errors
compiling stm32l4xx_nucleo.c...
compiling hw_rtc.c...
compiling hw_gpio.c...
compiling debug.c...
compiling hw_spi.c...
..\Hardware\hw_spi.c(177): warning:  #177-D: function "SpiFrequency"  was declared but never referenced
  static uint32_t SpiFrequency(uint32_t hz)
..\Hardware\hw_spi.c: 1 warning, 0 errors
compiling sys.c...
..\Hardware\sys.c(7): warning:  #177-D: variable "PeriphClkInit"  was declared but never referenced
    RCC_PeriphCLKInitTypeDef PeriphClkInit = {0};
..\Hardware\sys.c: 1 warning, 0 errors
compiling rtc.c...
..\Hardware\rtc.c(63): warning:  #940-D: missing return statement at end of non-void function "RTC_Init" 
  }
..\Hardware\rtc.c: 1 warning, 0 errors
compiling vcom.c...
compiling timer.c...
compiling queue.c...
compiling fast_spi.c...
compiling delay.c...
compiling control_GPIO.c...
compiling usart.c...
compiling systime.c...
compiling timeServer.c...
compiling low_power_manager.c...
compiling trace.c...
compiling utilities.c...
compiling Gray_decode.c...
compiling Add_CRC.c...
compiling Hanmming_Enc.c...
compiling Timer_Calibration_From_CC1125.c...
compiling Simulated_LoRa.c...
..\Simulated_LoRa\Simulated_LoRa.c(162): warning:  #177-D: variable "chirp_time"  was declared but never referenced
  	int chirp_time = (1<<LORA_SF_NO1)<<3;
..\Simulated_LoRa\Simulated_LoRa.c(163): warning:  #177-D: variable "Freq_Offset"  was declared but never referenced
  	int Freq_Offset = 0;
..\Simulated_LoRa\Simulated_LoRa.c(182): warning:  #177-D: label "Send_packets"  was declared but never referenced
  	Send_packets:
..\Simulated_LoRa\Simulated_LoRa.c(248): warning:  #177-D: label "Symbol_End"  was declared but never referenced
  		Symbol_End:
..\Simulated_LoRa\Simulated_LoRa.c(284): warning:  #177-D: variable "No1_or_No2"  was declared but never referenced
  	bool No1_or_No2=true;
..\Simulated_LoRa\Simulated_LoRa.c(305): warning:  #177-D: label "Send_packets"  was declared but never referenced
  	Send_packets:
..\Simulated_LoRa\Simulated_LoRa.c(381): warning:  #177-D: label "Symbol_End"  was declared but never referenced
  		Symbol_End:
..\Simulated_LoRa\Simulated_LoRa.c(545): warning:  #177-D: label "Send_packets"  was declared but never referenced
  	Send_packets:
..\Simulated_LoRa\Simulated_LoRa.c(663): warning:  #177-D: label "Symbol_End"  was declared but never referenced
  		Symbol_End:
..\Simulated_LoRa\Simulated_LoRa.c: 9 warnings, 0 errors
compiling Whitening.c...
compiling Interleaver.c...
..\LoRa_Channel_Coding\Interleaver.c(35): warning:  #177-D: variable "mem_cnt"  was declared but never referenced
  	uint16_t mem_cnt =0;
..\LoRa_Channel_Coding\Interleaver.c: 1 warning, 0 errors
compiling Header.c...
compiling LoRa_Channel_Coding.c...
..\LoRa_Channel_Coding\LoRa_Channel_Coding.c(16): warning:  #177-D: variable "i"  was declared but never referenced
  	int i;
..\LoRa_Channel_Coding\LoRa_Channel_Coding.c: 1 warning, 0 errors
compiling Modulation.c...
linking...
Program Size: Code=20488 RO-data=780 RW-data=196 ZI-data=42628  
FromELF: creating hex file...
".\CC1125_2_LoRa\OOK2Chirp_Project.axf" - 0 Error(s), 17 Warning(s).

<h2>Software Packages used:</h2>

Package Vendor: ARM
                http://www.keil.com/pack/ARM.CMSIS.5.9.0.pack
                ARM::CMSIS@5.9.0
                CMSIS (Common Microcontroller Software Interface Standard)
   * Component: CORE Version: 5.6.0

Package Vendor: Keil
                https://www.keil.com/pack/Keil.STM32L4xx_DFP.2.6.2.pack
                Keil::STM32L4xx_DFP@2.6.2
                STMicroelectronics STM32L4 Series Device Support, Drivers and Examples

<h2>Collection of Component include folders:</h2>
  ./RTE/_CC1125_2_LoRa
  C:/Users/Admin/AppData/Local/Arm/Packs/ARM/CMSIS/5.9.0/CMSIS/Core/Include
  C:/Users/Admin/AppData/Local/Arm/Packs/Keil/STM32L4xx_DFP/2.6.2/Drivers/CMSIS/Device/ST/STM32L4xx/Include

<h2>Collection of Component Files used:</h2>

   * Component: ARM::CMSIS:CORE@5.6.0
Build Time Elapsed:  00:02:14
</pre>
</body>
</html>
