<html>
<body>
<pre>
<h1>µVision Build Log</h1>
<h2>Tool Versions:</h2>
IDE-Version: µVision V5.39.0.0
Copyright (C) 2023 ARM Ltd and ARM Germany GmbH. All rights reserved.
License Information: Kurt Donnerwetter, freelancer, LIC=50D7S-LUZZR-BX4UY-IWJ2K-HGE9I-C075C
 
Tool Versions:
Toolchain:       MDK-ARM Professional  Version: 5.39.0.0
Toolchain Path:  C:\Keil_v535\ARM\ARMCC\Bin
C Compiler:      Armcc.exe V5.06 update 7 (build 960)
Assembler:       Armasm.exe V5.06 update 7 (build 960)
Linker/Locator:  ArmLink.exe V5.06 update 7 (build 960)
Library Manager: ArmAr.exe V5.06 update 7 (build 960)
Hex Converter:   FromElf.exe V5.06 update 7 (build 960)
CPU DLL:         SARMCM3.DLL V5.39.0.0
Dialog DLL:      DCM.DLL V1.17.5.0
Target DLL:      STLink\ST-LINKIII-KEIL_SWO.dll V3.2.0.0
Dialog DLL:      TCM.DLL V1.56.4.0
 
<h2>Project:</h2>
D:\emu\SX1276\MDK-ARM\SX1276_2_LoRa.uvprojx
Project File Date:  04/09/2024

<h2>Output:</h2>
*** Using Compiler 'V5.06 update 7 (build 960)', folder: 'C:\Keil_v535\ARM\ARMCC\Bin'
Build target 'SX1276_2_LoRa'
compiling stm32l4xx_hal_tim.c...
compiling stm32l4xx_hal_spi_ex.c...
compiling stm32l4xx_hal_msp.c...
compiling stm32l4xx_it.c...
compiling stm32l4xx_hal_spi.c...
compiling main.c...
../Src/main.c(100): warning:  #177-D: variable "data_0x00420029"  was declared but never referenced
  uint8_t data_0x00420029[64] = {0x40, 0x29, 0x00, 0x42, 0x00, 0x00, 0x01, 0x00, 0x02, 0xF2, 0x54, 0x99, 0xDE, 0x08, 0xC8, 0x64, 0xCC, 0x89, 0xB8, 0x1E, 0x3E, 0x3D, 0x54, 0xE9, 0x70, 0x55, 0x66, 0x22, 0x95, 0x31, 0x81, 0x97, 0x2C, 0xB3, 0xC7, 0x43, 0x75, 0xB4, 0x56, 0x4B, 0x40, 0xBB, 0xAB, 0x93, 0xB3, 0x03, 0x8A, 0xA0, 0x7D, 0xBE, 0xB2, 0xDB, 0x51, 0x50, 0xD0, 0x61, 0x25, 0xA5, 0xEA, 0x50, 0xF7, 0x82, 0x4F, 0xC9};
../Src/main.c(105): warning:  #177-D: variable "packet_freq_points_No2"  was declared but never referenced
  	int *packet_freq_points_No2 = NULL;
../Src/main.c(108): warning:  #177-D: variable "symbol_len_No2"  was declared but never referenced
  	int symbol_len_No2 = NULL;
../Src/main.c(110): warning:  #177-D: variable "LoRa_ID_Start_Freq_No1"  was declared but never referenced
  	int *LoRa_ID_Start_Freq_No1 = NULL;
../Src/main.c(111): warning:  #177-D: variable "LoRa_Payload_Start_Freq_No1"  was declared but never referenced
  	int *LoRa_Payload_Start_Freq_No1 = NULL;
../Src/main.c(113): warning:  #177-D: variable "LoRa_ID_Start_Freq_No2"  was declared but never referenced
  	int *LoRa_ID_Start_Freq_No2 = NULL;
../Src/main.c(114): warning:  #177-D: variable "LoRa_Payload_Start_Freq_No2"  was declared but never referenced
  	int *LoRa_Payload_Start_Freq_No2 = NULL;
../Src/main.c: 7 warnings, 0 errors
compiling stm32l4xx_hal_tim_ex.c...
compiling stm32l4xx_hal_i2c.c...
compiling stm32l4xx_hal_uart.c...
compiling stm32l4xx_hal_uart_ex.c...
compiling stm32l4xx_hal.c...
compiling stm32l4xx_hal_i2c_ex.c...
compiling stm32l4xx_hal_rcc_ex.c...
compiling stm32l4xx_hal_flash_ex.c...
compiling stm32l4xx_hal_rcc.c...
compiling stm32l4xx_hal_flash.c...
compiling stm32l4xx_hal_flash_ramfunc.c...
compiling stm32l4xx_hal_pwr.c...
compiling stm32l4xx_hal_dma_ex.c...
compiling stm32l4xx_hal_dma.c...
compiling stm32l4xx_hal_gpio.c...
compiling stm32l4xx_hal_cortex.c...
compiling stm32l4xx_hal_pwr_ex.c...
compiling stm32l4xx_hal_exti.c...
compiling stm32l4xx_hal_adc_ex.c...
compiling stm32l4xx_hal_rtc.c...
compiling stm32l4xx_hal_adc.c...
compiling stm32l4xx_hal_rtc_ex.c...
compiling stm32l4xx_ll_adc.c...
compiling stm32l4xx_ll_comp.c...
compiling stm32l4xx_ll_crs.c...
compiling stm32l4xx_ll_dac.c...
compiling stm32l4xx_ll_crc.c...
compiling stm32l4xx_ll_dma2d.c...
compiling stm32l4xx_ll_dma.c...
compiling stm32l4xx_ll_fmc.c...
compiling stm32l4xx_ll_exti.c...
compiling stm32l4xx_ll_i2c.c...
compiling stm32l4xx_ll_gpio.c...
compiling stm32l4xx_ll_lptim.c...
compiling stm32l4xx_ll_lpuart.c...
compiling stm32l4xx_ll_pka.c...
compiling stm32l4xx_ll_opamp.c...
compiling stm32l4xx_ll_rng.c...
compiling stm32l4xx_ll_pwr.c...
compiling stm32l4xx_ll_rtc.c...
compiling stm32l4xx_ll_rcc.c...
compiling stm32l4xx_ll_sdmmc.c...
compiling stm32l4xx_ll_spi.c...
compiling stm32l4xx_ll_tim.c...
compiling stm32l4xx_ll_usb.c...
compiling stm32l4xx_ll_swpmi.c...
compiling stm32l4xx_ll_usart.c...
compiling stm32l4xx_ll_utils.c...
compiling stm32l4xx_nucleo.c...
compiling system_stm32l4xx.c...
compiling stm32l4xx_hw.c...
..\Hardware\stm32l4xx_hw.c(225): warning:  #177-D: variable "PeriphClkInit"  was declared but never referenced
    RCC_PeriphCLKInitTypeDef PeriphClkInit = {0};
..\Hardware\stm32l4xx_hw.c: 1 warning, 0 errors
compiling sx1276.c...
compiling sx1276mb1mas.c...
compiling vcom.c...
compiling debug.c...
compiling hw_gpio.c...
compiling hw_spi.c...
..\Hardware\hw_spi.c(177): warning:  #177-D: function "SpiFrequency"  was declared but never referenced
  static uint32_t SpiFrequency(uint32_t hz)
..\Hardware\hw_spi.c: 1 warning, 0 errors
compiling timer.c...
compiling hw_rtc.c...
compiling sys.c...
compiling rtc.c...
..\Hardware\rtc.c(63): warning:  #940-D: missing return statement at end of non-void function "RTC_Init" 
  }
..\Hardware\rtc.c: 1 warning, 0 errors
compiling fast_spi.c...
..\Hardware\fast_spi.c(92): warning:  #550-D: variable "value"  was set but never used
  	uint8_t value;
..\Hardware\fast_spi.c: 1 warning, 0 errors
compiling delay.c...
compiling queue.c...
compiling usart.c...
compiling control_GPIO.c...
compiling utilities.c...
compiling trace.c...
compiling low_power_manager.c...
compiling timeServer.c...
compiling Timer_Calibration.c...
..\Simulated_LoRa\Timer_Calibration.c(14): warning:  #177-D: label "Restart_Cali"  was declared but never referenced
  	Restart_Cali:
..\Simulated_LoRa\Timer_Calibration.c: 1 warning, 0 errors
compiling Simulated_LoRa.c...
..\Simulated_LoRa\Simulated_LoRa.c(153): warning:  #177-D: variable "chirp_time"  was declared but never referenced
  	int chirp_time = (1<<LORA_SF_NO1)<<3;
..\Simulated_LoRa\Simulated_LoRa.c(159): warning:  #177-D: variable "LORA_BASE_FREQ_NO1"  was declared but never referenced
  	int LORA_BASE_FREQ_NO1			=										(CF - (LORA_BW >> 1)); // Hz
..\Simulated_LoRa\Simulated_LoRa.c(175): warning:  #177-D: label "Send_packets"  was declared but never referenced
  	Send_packets:
..\Simulated_LoRa\Simulated_LoRa.c(240): warning:  #177-D: label "Symbol_End"  was declared but never referenced
  		Symbol_End:
..\Simulated_LoRa\Simulated_LoRa.c(327): warning:  #177-D: variable "No1_or_No2"  was declared but never referenced
  	bool No1_or_No2=true;
..\Simulated_LoRa\Simulated_LoRa.c(340): warning:  #177-D: variable "LORA_BASE_FREQ_NO1"  was declared but never referenced
  	int LORA_BASE_FREQ_NO1			=										(CF - (LORA_BW >> 1)); // Hz
..\Simulated_LoRa\Simulated_LoRa.c(350): warning:  #550-D: variable "Total_Chip_Count"  was set but never used
  	uint32_t Total_Chip_Count = 0;
..\Simulated_LoRa\Simulated_LoRa.c(351): warning:  #550-D: variable "Symbol_Chip_Count"  was set but never used
  	uint32_t Symbol_Chip_Count = 0;
..\Simulated_LoRa\Simulated_LoRa.c(357): warning:  #177-D: label "Send_packets"  was declared but never referenced
  	Send_packets:
..\Simulated_LoRa\Simulated_LoRa.c(617): warning:  #177-D: variable "LORA_BASE_FREQ_NO1"  was declared but never referenced
  	int LORA_BASE_FREQ_NO1			=										(CF1 - (LORA_BW >> 1)); // Hz
..\Simulated_LoRa\Simulated_LoRa.c(620): warning:  #177-D: variable "LORA_BASE_FREQ_NO2"  was declared but never referenced
  	int LORA_BASE_FREQ_NO2			=										(CF2 - (LORA_BW >> 1)); // Hz
..\Simulated_LoRa\Simulated_LoRa.c(636): warning:  #177-D: label "Send_packets"  was declared but never referenced
  	Send_packets:
..\Simulated_LoRa\Simulated_LoRa.c(755): warning:  #177-D: label "Symbol_End"  was declared but never referenced
  		Symbol_End:
..\Simulated_LoRa\Simulated_LoRa.c: 13 warnings, 0 errors
compiling LoRa_Channel_Coding.c...
..\LoRa_Channel_Coding\LoRa_Channel_Coding.c(16): warning:  #177-D: variable "i"  was declared but never referenced
  	int i;
..\LoRa_Channel_Coding\LoRa_Channel_Coding.c: 1 warning, 0 errors
compiling Header.c...
compiling Whitening.c...
compiling Add_CRC.c...
compiling Timer_Calibration_From_SX1276.c...
compiling Hanmming_Enc.c...
compiling Modulation.c...
compiling energest.c...
compiling Gray_decode.c...
compiling Interleaver.c...
..\LoRa_Channel_Coding\Interleaver.c(35): warning:  #177-D: variable "mem_cnt"  was declared but never referenced
  	uint16_t mem_cnt =0;
..\LoRa_Channel_Coding\Interleaver.c: 1 warning, 0 errors
linking...
.\SX1276_2_LoRa\OOK2Chirp_Project.axf: Warning: L6989W: Could not apply patch sdcomp-29491-629360 to instruction VPOP     {d8-d14} at offset 0x26, instruction is within an IT block and is not the last instruction for sx1276.o(i.SX1276GetTimeOnAir).
Program Size: Code=31384 RO-data=1176 RW-data=440 ZI-data=43416  
Finished: 0 information, 1 warning and 0 error messages.
FromELF: creating hex file...
".\SX1276_2_LoRa\OOK2Chirp_Project.axf" - 0 Error(s), 28 Warning(s).

<h2>Software Packages used:</h2>

Package Vendor: ARM
                http://www.keil.com/pack/ARM.CMSIS.5.9.0.pack
                ARM::CMSIS@5.9.0
                CMSIS (Common Microcontroller Software Interface Standard)
   * Component: CORE Version: 5.6.0

Package Vendor: Keil
                https://www.keil.com/pack/Keil.STM32L4xx_DFP.2.6.2.pack
                Keil::STM32L4xx_DFP@2.6.2
                STMicroelectronics STM32L4 Series Device Support, Drivers and Examples

<h2>Collection of Component include folders:</h2>
  ./RTE/_SX1276_2_LoRa
  C:/Users/Admin/AppData/Local/Arm/Packs/ARM/CMSIS/5.9.0/CMSIS/Core/Include
  C:/Users/Admin/AppData/Local/Arm/Packs/Keil/STM32L4xx_DFP/2.6.2/Drivers/CMSIS/Device/ST/STM32L4xx/Include

<h2>Collection of Component Files used:</h2>

   * Component: ARM::CMSIS:CORE@5.6.0
Build Time Elapsed:  00:02:17
</pre>
</body>
</html>
